../Core/Src/main.c:91:6:read_sensor_values	40	static
../Core/Src/main.c:112:5:main	8	static
../Core/Src/main.c:198:6:SystemClock_Config	88	static
../Core/Src/main.c:245:13:MX_I2C2_Init	8	static
../Core/Src/main.c:279:13:MX_USART2_UART_Init	8	static
../Core/Src/main.c:312:13:MX_GPIO_Init	16	static
../Core/Src/main.c:336:6:StartTask1	16	static
../Core/Src/main.c:355:6:StartTask2	120	static
../Core/Src/main.c:377:6:HAL_TIM_PeriodElapsedCallback	16	static
../Core/Src/main.c:394:6:Error_Handler	4	static,ignoring_inline_asm
