17:31:46 **** Incremental Build of configuration Debug for project aht25_expr ****
make -j4 all 
arm-none-eabi-gcc "../Core/Src/main.c" -mcpu=cortex-m4 -std=gnu11 -g3 -DDEBUG -DUSE_HAL_DRIVER -DSTM32F411xE -c -I../Core/Inc -I../Drivers/STM32F4xx_HAL_Driver/Inc -I../Drivers/STM32F4xx_HAL_Driver/Inc/Legacy -I../Drivers/CMSIS/Device/ST/STM32F4xx/Include -I../Drivers/CMSIS/Include -I../Middlewares/Third_Party/FreeRTOS/Source/include -I../Middlewares/Third_Party/FreeRTOS/Source/CMSIS_RTOS_V2 -I../Middlewares/Third_Party/FreeRTOS/Source/portable/GCC/ARM_CM4F -O0 -ffunction-sections -fdata-sections -Wall -fstack-usage -fcyclomatic-complexity -MMD -MP -MF"Core/Src/main.d" -MT"Core/Src/main.o" --specs=nano.specs -mfpu=fpv4-sp-d16 -mfloat-abi=hard -mthumb -o "Core/Src/main.o"
arm-none-eabi-gcc -o "aht25_expr.elf" @"objects.list"   -mcpu=cortex-m4 -T"/home/nick/STM32CubeIDE/workspace_1.12.1/aht25_expr/STM32F411RETX_FLASH.ld" --specs=nosys.specs -Wl,-Map="aht25_expr.map" -Wl,--gc-sections -static -u_printf_float --specs=nano.specs -mfpu=fpv4-sp-d16 -mfloat-abi=hard -mthumb -u _printf_float -u _scanf_float -Wl,--start-group -lc -lm -Wl,--end-group
Finished building target: aht25_expr.elf
 
arm-none-eabi-size   aht25_expr.elf 
arm-none-eabi-objdump -h -S  aht25_expr.elf  > "aht25_expr.list"
   text	   data	    bss	    dec	    hex	filename
  48900	    492	  20604	  69996	  1116c	aht25_expr.elf
Finished building: default.size.stdout
 
Finished building: aht25_expr.list
 
17:33:17 **** Incremental Build of configuration Debug for project aht25_expr ****
make -j4 all 
arm-none-eabi-size   aht25_expr.elf 
   text	   data	    bss	    dec	    hex	filename
  48900	    492	  20604	  69996	  1116c	aht25_expr.elf
Finished building: default.size.stdout
 
